M68HC11 GAS  soft.s 			page 1


   1                 	;;;-----------------------------------------
   2                 	;;; Start MC68HC11 gcc assembly output
   3                 	;;; gcc compiler 3.3.6-m68hc1x-20060122
   4                 	;;; Command:	/usr/lib/gcc-lib/m68hc11/3.3.6-m68hc1x-20060122/cc1 -quiet -D__GNUC__=3 -D__GNUC_MINOR
   5                 	;;; Compiled:	Thu Nov 29 12:11:55 2018
   6                 	;;; (META)compiled by GNU C version 6.3.0 20170221.
   7                 	;;;-----------------------------------------
   8                 		.file	"main.c"
   9                 		.mode mshort
  10                 		.globl	highwayG
  11                 		.sect	.data
  12                 		.type	highwayG, @object
  13                 		.size	highwayG, 2
  14                 	highwayG:
  15 0000 00 00       		.word	0
  16                 		.globl	fRd
  17                 		.type	fRd, @object
  18                 		.size	fRd, 1
  19                 	fRd:
  20 0002 00          		.byte	0
  21                 		.globl	hCheck
  22                 		.type	hCheck, @object
  23                 		.size	hCheck, 1
  24                 	hCheck:
  25 0003 00          		.byte	0
  26                 		.globl	state
  27                 		.type	state, @object
  28                 		.size	state, 1
  29                 	state:
  30 0004 00          		.byte	0
  31                 		.sect	.text
  32                 		.globl	whereWePretendToDoOtherStuff
  33                 		.type	whereWePretendToDoOtherStuff,@function
  34                 	whereWePretendToDoOtherStuff:
  35                 	.L2:
  36 0000 20 FE       		bra	.L2
  37                 		.size	whereWePretendToDoOtherStuff, .-whereWePretendToDoOtherStuff
  38                 		.globl	Amber
  39                 		.type	Amber,@function
  40                 	Amber:
  41 0002 F6 00 00    		ldab	state
  42 0005 26 06       		bne	.L6
  43 0007 C6 01       		ldab	#1
  44 0009 F7 00 00    		stab	state
  45 000c 39          		rts
  46                 	.L6:
  47 000d C1 02       		cmpb	#2
  48 000f 26 05       		bne	.L5
  49 0011 C6 03       		ldab	#3
  50 0013 F7 00 00    		stab	state
  51                 	.L5:
  52 0016 39          		rts
  53                 		.size	Amber, .-Amber
  54                 		.globl	tractorComin
  55                 		.type	tractorComin,@function
  56                 	tractorComin:
  57 0017 CE 10 23    		ldx	#4131
M68HC11 GAS  soft.s 			page 2


  58 001a C6 40       		ldab	#64
  59 001c E7 00       		stab	0,x
  60 001e F6 00 00    		ldab	fRd
  61 0021 26 13       		bne	.L10
  62 0023 CE 10 0E    		ldx	#4110
  63 0026 EC 00       		ldd	0,x
  64 0028 C3 0B B8    		addd	#3000
  65 002b CE 10 18    		ldx	#4120
  66 002e ED 00       		std	0,x
  67 0030 C6 01       		ldab	#1
  68 0032 F7 00 00    		stab	fRd
  69 0035 39          		rts
  70                 	.L10:
  71 0036 C1 01       		cmpb	#1
  72 0038 26 12       		bne	.L9
  73 003a CE 10 0E    		ldx	#4110
  74 003d EC 00       		ldd	0,x
  75 003f C3 1B 58    		addd	#7000
  76 0042 CE 10 18    		ldx	#4120
  77 0045 ED 00       		std	0,x
  78 0047 C6 02       		ldab	#2
  79 0049 F7 00 00    		stab	fRd
  80                 	.L9:
  81 004c 39          		rts
  82                 		.size	tractorComin, .-tractorComin
  83                 		.globl	highwayLighToggle
  84                 		.type	highwayLighToggle,@function
  85                 	highwayLighToggle:
  86 004d FC 00 00    		ldd	highwayG
  87 0050 26 07       		bne	.L14
  88 0052 CC 00 01    		ldd	#1
  89 0055 FD 00 00    		std	highwayG
  90 0058 39          		rts
  91                 	.L14:
  92 0059 1A 83 00 01 		cpd	#1
  93 005d 26 06       		bne	.L13
  94 005f 7F 00 01    		clr	highwayG+1
  95 0062 7F 00 00    		clr	highwayG
  96                 	.L13:
  97 0065 39          		rts
  98                 		.size	highwayLighToggle, .-highwayLighToggle
  99                 		.ident	"GCC: (GNU) 3.3.6-m68hc1x-20060122"
   1                 	;===================
   2                 	; soft registers
   3                 	;===================
   4                 	.sect softregs
   5                 	.global _.d1
   6                 	_.d1: .word
   7                 	.global _.d2
   8                 	_.d2: .word
   9                 	.global _.tmp
  10                 	_.tmp: .word
  11                 	.global _.z
  12                 	_.z: .word
  13                 	.global _.xy
  14                 	_.xy: .word
  15                 	.global _.frame
M68HC11 GAS  soft.s 			page 3


  16                 	_.frame: .word
  17                 	
M68HC11 GAS  soft.s 			page 4


DEFINED SYMBOLS
                            *ABS*:0000000000000000 main.c
              main.s:0      .text:0000000000000000 L0F0
              main.s:14     .data:0000000000000000 highwayG
              main.s:19     .data:0000000000000002 fRd
              main.s:24     .data:0000000000000003 hCheck
              main.s:29     .data:0000000000000004 state
              main.s:34     .text:0000000000000000 whereWePretendToDoOtherStuff
              main.s:36     .text:0000000000000000 L0L0
              main.s:40     .text:0000000000000002 Amber
              main.s:41     .text:0000000000000002 L0L1
              main.s:42     .text:0000000000000005 L0L2
              main.s:43     .text:0000000000000007 L0L3
              main.s:44     .text:0000000000000009 L0L4
              main.s:45     .text:000000000000000c L0L5
              main.s:47     .text:000000000000000d L0L6
              main.s:48     .text:000000000000000f L0L7
              main.s:49     .text:0000000000000011 L0L8
              main.s:50     .text:0000000000000013 L0L9
              main.s:52     .text:0000000000000016 L0L10
              main.s:56     .text:0000000000000017 tractorComin
              main.s:57     .text:0000000000000017 L0L11
              main.s:58     .text:000000000000001a L0L12
              main.s:59     .text:000000000000001c L0L13
              main.s:60     .text:000000000000001e L0L14
              main.s:61     .text:0000000000000021 L0L15
              main.s:62     .text:0000000000000023 L0L16
              main.s:63     .text:0000000000000026 L0L17
              main.s:64     .text:0000000000000028 L0L18
              main.s:65     .text:000000000000002b L0L19
              main.s:66     .text:000000000000002e L0L20
              main.s:67     .text:0000000000000030 L0L21
              main.s:68     .text:0000000000000032 L0L22
              main.s:69     .text:0000000000000035 L0L23
              main.s:71     .text:0000000000000036 L0L24
              main.s:72     .text:0000000000000038 L0L25
              main.s:73     .text:000000000000003a L0L26
              main.s:74     .text:000000000000003d L0L27
              main.s:75     .text:000000000000003f L0L28
              main.s:76     .text:0000000000000042 L0L29
              main.s:77     .text:0000000000000045 L0L30
              main.s:78     .text:0000000000000047 L0L31
              main.s:79     .text:0000000000000049 L0L32
              main.s:81     .text:000000000000004c L0L33
              main.s:85     .text:000000000000004d highwayLighToggle
              main.s:86     .text:000000000000004d L0L34
              main.s:87     .text:0000000000000050 L0L35
              main.s:88     .text:0000000000000052 L0L36
              main.s:89     .text:0000000000000055 L0L37
              main.s:90     .text:0000000000000058 L0L38
              main.s:92     .text:0000000000000059 L0L39
              main.s:93     .text:000000000000005d L0L40
              main.s:94     .text:000000000000005f L0L41
              main.s:95     .text:0000000000000062 L0L42
              main.s:97     .text:0000000000000065 L0L43
              soft.s:0      .text:0000000000000066 L0F1
              soft.s:6      softregs:0000000000000000 _.d1
M68HC11 GAS  soft.s 			page 5


              soft.s:8      softregs:0000000000000000 _.d2
              soft.s:10     softregs:0000000000000000 _.tmp
              soft.s:12     softregs:0000000000000000 _.z
              soft.s:14     softregs:0000000000000000 _.xy
              soft.s:16     softregs:0000000000000000 _.frame

NO UNDEFINED SYMBOLS
